// Jest Snapshot v1, https://goo.gl/fbAQLP

exports[`<HomePage /> should render and match the snapshot 1`] = `
<article>
  <div>
    <section
      class="Section-sc-1eulrsm-0 eTEsZl"
    >
      <form
        class="Form-dmhz4x-0 ZClLh"
      >
        <label
          for="username"
        >
          <input
            class="Input-sc-19rkjmi-0 gyJaEd"
            id="username"
            placeholder="Enter Github username"
            type="text"
            value=""
          />
        </label>
      </form>
      <div
        class="Wrapper-sc-1umgotm-0 laCwDT"
      >
        <ul
          class="Ul-mwnq6h-0 jcxXFy"
        />
      </div>
    </section>
  </div>
</article>
`;
